Flow report for TP2_E5
Thu May 28 23:39:42 2020
Quartus Prime Version 18.1.0 Build 625 09/12/2018 SJ Lite Edition


---------------------
; Table of Contents ;
---------------------
  1. Legal Notice
  2. Flow Summary
  3. Flow Settings
  4. Flow Non-Default Global Settings
  5. Flow Elapsed Time
  6. Flow OS Summary
  7. Flow Log
  8. Flow Messages
  9. Flow Suppressed Messages



----------------
; Legal Notice ;
----------------
Copyright (C) 2018  Intel Corporation. All rights reserved.
Your use of Intel Corporation's design tools, logic functions 
and other software and tools, and its AMPP partner logic 
functions, and any output files from any of the foregoing 
(including device programming or simulation files), and any 
associated documentation or information are expressly subject 
to the terms and conditions of the Intel Program License 
Subscription Agreement, the Intel Quartus Prime License Agreement,
the Intel FPGA IP License Agreement, or other applicable license
agreement, including, without limitation, that your use is for
the sole purpose of programming logic devices manufactured by
Intel and sold by Intel or its authorized distributors.  Please
refer to the applicable agreement for further details.



+----------------------------------------------------------------------------------+
; Flow Summary                                                                     ;
+------------------------------------+---------------------------------------------+
; Flow Status                        ; Successful - Thu May 28 23:39:42 2020       ;
; Quartus Prime Version              ; 18.1.0 Build 625 09/12/2018 SJ Lite Edition ;
; Revision Name                      ; TP2_E5                                      ;
; Top-level Entity Name              ; TP2_E5                                      ;
; Family                             ; Cyclone IV E                                ;
; Device                             ; EP4CE22F17C6                                ;
; Timing Models                      ; Final                                       ;
; Total logic elements               ; 1,486                                       ;
;     Total combinational functions  ; 932                                         ;
;     Dedicated logic registers      ; 620                                         ;
; Total registers                    ; 620                                         ;
; Total pins                         ; 158                                         ;
; Total virtual pins                 ; 0                                           ;
; Total memory bits                  ; 48,640                                      ;
; Embedded Multiplier 9-bit elements ; 0                                           ;
; Total PLLs                         ; 0                                           ;
+------------------------------------+---------------------------------------------+


+-----------------------------------------+
; Flow Settings                           ;
+-------------------+---------------------+
; Option            ; Setting             ;
+-------------------+---------------------+
; Start date & time ; 05/28/2020 23:31:24 ;
; Main task         ; Compilation         ;
; Revision Name     ; TP2_E5              ;
+-------------------+---------------------+


+-------------------------------------------------------------------------------------------------------------------------+
; Flow Non-Default Global Settings                                                                                        ;
+-------------------------------------+----------------------------------------+---------------+-------------+------------+
; Assignment Name                     ; Value                                  ; Default Value ; Entity Name ; Section Id ;
+-------------------------------------+----------------------------------------+---------------+-------------+------------+
; COMPILER_SIGNATURE_ID               ; 134660529595215.159071948418640        ; --            ; --          ; --         ;
; MAX_CORE_JUNCTION_TEMP              ; 85                                     ; --            ; --          ; --         ;
; MIN_CORE_JUNCTION_TEMP              ; 0                                      ; --            ; --          ; --         ;
; MISC_FILE                           ; MIR.bsf                                ; --            ; --          ; --         ;
; MISC_FILE                           ; MIR_inst.v                             ; --            ; --          ; --         ;
; MISC_FILE                           ; MIR_bb.v                               ; --            ; --          ; --         ;
; MISC_FILE                           ; MIR.inc                                ; --            ; --          ; --         ;
; MISC_FILE                           ; MIR.cmp                                ; --            ; --          ; --         ;
; MISC_FILE                           ; Program_Mem.bsf                        ; --            ; --          ; --         ;
; MISC_FILE                           ; Program_Mem_inst.v                     ; --            ; --          ; --         ;
; MISC_FILE                           ; Program_Mem_bb.v                       ; --            ; --          ; --         ;
; MISC_FILE                           ; Program_Mem.inc                        ; --            ; --          ; --         ;
; MISC_FILE                           ; Program_Mem.cmp                        ; --            ; --          ; --         ;
; NOMINAL_CORE_SUPPLY_VOLTAGE         ; 1.2V                                   ; --            ; --          ; --         ;
; PARTITION_COLOR                     ; -- (Not supported for targeted family) ; --            ; --          ; Top        ;
; PARTITION_FITTER_PRESERVATION_LEVEL ; -- (Not supported for targeted family) ; --            ; --          ; Top        ;
; PARTITION_NETLIST_TYPE              ; -- (Not supported for targeted family) ; --            ; --          ; Top        ;
; POWER_BOARD_THERMAL_MODEL           ; None (CONSERVATIVE)                    ; --            ; --          ; --         ;
; POWER_PRESET_COOLING_SOLUTION       ; 23 MM HEAT SINK WITH 200 LFPM AIRFLOW  ; --            ; --          ; --         ;
; PROJECT_OUTPUT_DIRECTORY            ; output_files                           ; --            ; --          ; --         ;
+-------------------------------------+----------------------------------------+---------------+-------------+------------+


+--------------------------------------------------------------------------------------------------------------------------+
; Flow Elapsed Time                                                                                                        ;
+----------------------+--------------+-------------------------+---------------------+------------------------------------+
; Module Name          ; Elapsed Time ; Average Processors Used ; Peak Virtual Memory ; Total CPU Time (on all processors) ;
+----------------------+--------------+-------------------------+---------------------+------------------------------------+
; Analysis & Synthesis ; 00:00:44     ; 1.0                     ; 4806 MB             ; 00:00:52                           ;
; EDA Netlist Writer   ; 00:00:03     ; 1.0                     ; 4642 MB             ; 00:00:03                           ;
; EDA Netlist Writer   ; 00:00:04     ; 1.0                     ; 4649 MB             ; 00:00:04                           ;
; EDA Netlist Writer   ; 00:00:04     ; 1.0                     ; 4644 MB             ; 00:00:03                           ;
; EDA Netlist Writer   ; 00:00:04     ; 1.0                     ; 4648 MB             ; 00:00:03                           ;
; EDA Netlist Writer   ; 00:00:03     ; 1.0                     ; 4644 MB             ; 00:00:03                           ;
; EDA Netlist Writer   ; 00:00:04     ; 1.0                     ; 4648 MB             ; 00:00:04                           ;
; Total                ; 00:01:06     ; --                      ; --                  ; 00:01:12                           ;
+----------------------+--------------+-------------------------+---------------------+------------------------------------+


+------------------------------------------------------------------------------------+
; Flow OS Summary                                                                    ;
+----------------------+------------------+------------+------------+----------------+
; Module Name          ; Machine Hostname ; OS Name    ; OS Version ; Processor type ;
+----------------------+------------------+------------+------------+----------------+
; Analysis & Synthesis ; DESKTOP-135JCEO  ; Windows 10 ; 10.0       ; x86_64         ;
; EDA Netlist Writer   ; DESKTOP-135JCEO  ; Windows 10 ; 10.0       ; x86_64         ;
; EDA Netlist Writer   ; DESKTOP-135JCEO  ; Windows 10 ; 10.0       ; x86_64         ;
; EDA Netlist Writer   ; DESKTOP-135JCEO  ; Windows 10 ; 10.0       ; x86_64         ;
; EDA Netlist Writer   ; DESKTOP-135JCEO  ; Windows 10 ; 10.0       ; x86_64         ;
; EDA Netlist Writer   ; DESKTOP-135JCEO  ; Windows 10 ; 10.0       ; x86_64         ;
; EDA Netlist Writer   ; DESKTOP-135JCEO  ; Windows 10 ; 10.0       ; x86_64         ;
+----------------------+------------------+------------+------------+----------------+


------------
; Flow Log ;
------------
quartus_map --read_settings_files=on --write_settings_files=off TP2_E5 -c TP2_E5
quartus_eda --gen_testbench --tool=modelsim_oem --format=verilog --write_settings_files=off TP2_E5 -c TP2_E5 --vector_source=C:/Users/Manuel/Documents/GitHub/EV20/Waveform4.vwf --testbench_file=C:/Users/Manuel/Documents/GitHub/EV20/simulation/qsim/Waveform4.vwf.vt
quartus_eda --write_settings_files=off --simulation=on --functional=on --flatten_buses=off --tool=modelsim_oem --format=verilog --output_directory=C:/Users/Manuel/Documents/GitHub/EV20/simulation/qsim/ TP2_E5 -c TP2_E5
quartus_eda --gen_testbench --tool=modelsim_oem --format=verilog --write_settings_files=off TP2_E5 -c TP2_E5 --vector_source=C:/Users/Manuel/Documents/GitHub/EV20/Waveform4.vwf --testbench_file=C:/Users/Manuel/Documents/GitHub/EV20/simulation/qsim/Waveform4.vwf.vt
quartus_eda --write_settings_files=off --simulation=on --functional=on --flatten_buses=off --tool=modelsim_oem --format=verilog --output_directory=C:/Users/Manuel/Documents/GitHub/EV20/simulation/qsim/ TP2_E5 -c TP2_E5
quartus_eda --gen_testbench --tool=modelsim_oem --format=verilog --write_settings_files=off TP2_E5 -c TP2_E5 --vector_source=C:/Users/Manuel/Documents/GitHub/EV20/Waveform4.vwf --testbench_file=C:/Users/Manuel/Documents/GitHub/EV20/simulation/qsim/Waveform4.vwf.vt
quartus_eda --write_settings_files=off --simulation=on --functional=on --flatten_buses=off --tool=modelsim_oem --format=verilog --output_directory=C:/Users/Manuel/Documents/GitHub/EV20/simulation/qsim/ TP2_E5 -c TP2_E5



